make: Entering directory '/home/evan/projects/minirubik/optimized_v2'
make -C ../optimized v1_tables.c
make[1]: Entering directory '/home/evan/projects/minirubik/optimized'
mkdir -p build
cc  -O3 -std=c99 -Wall -Wextra -Wpedantic -Wno-unused-function generate_tables.c -o build/generate-tables
In file included from host_reference.h:7,
                 from generate_tables.c:3:
../solver.c: In function ‘unrank_state’:
../solver.c:133:36: warning: comparison of integer expressions of different signedness: ‘unsigned int’ and ‘int’ [-Wsign-compare]
  133 |         for (uint8_t j = q; j + 1U < CUBIES - i; ++j)
      |                                    ^
./build/generate-tables > v1_tables.c.tmp
abstract states=5040 visited=5040 maximum=7 solved=0
abstract states=729 visited=729 maximum=6 solved=0
mv v1_tables.c.tmp v1_tables.c
make[1]: Leaving directory '/home/evan/projects/minirubik/optimized'
mkdir -p build
cc  -O3 -std=c99 -Wall -Wextra -Wpedantic -Wno-unused-function -ffunction-sections -fdata-sections generate_tables.c pattern_build.c ../optimized/v1_tables.c -Wl,--gc-sections -o build/generate-tables
In file included from ../optimized/host_reference.h:7,
                 from pattern_build.c:5:
../optimized/../solver.c: In function ‘unrank_state’:
../optimized/../solver.c:133:36: warning: comparison of integer expressions of different signedness: ‘unsigned int’ and ‘int’ [-Wsign-compare]
  133 |         for (uint8_t j = q; j + 1U < CUBIES - i; ++j)
      |                                    ^
./build/generate-tables $(cat pattern.txt) > v2_tables.c.tmp
pattern=127 states=153090 maximum=9 goal_q=4 packed_bytes=76650
mv v2_tables.c.tmp v2_tables.c
cc  -O3 -std=c99 -Wall -Wextra -Wpedantic -Wno-unused-function -ffunction-sections -fdata-sections -DV2_STATS v2.c v2_tables.c ../optimized/v1.c ../optimized/v1_tables.c verify.c pattern_build.c -Wl,--gc-sections -o build/verify-v2
In file included from ../optimized/host_reference.h:7,
                 from host_oracle.h:4,
                 from verify.c:1:
../optimized/../solver.c: In function ‘unrank_state’:
../optimized/../solver.c:133:36: warning: comparison of integer expressions of different signedness: ‘unsigned int’ and ‘int’ [-Wsign-compare]
  133 |         for (uint8_t j = q; j + 1U < CUBIES - i; ++j)
      |                                    ^
In file included from ../optimized/host_reference.h:7,
                 from pattern_build.c:5:
../optimized/../solver.c: In function ‘unrank_state’:
../optimized/../solver.c:133:36: warning: comparison of integer expressions of different signedness: ‘unsigned int’ and ‘int’ [-Wsign-compare]
  133 |         for (uint8_t j = q; j + 1U < CUBIES - i; ++j)
      |                                    ^
./build/verify-v2 --all
checked=100000/3674160 elapsed=1.9s
checked=200000/3674160 elapsed=3.5s
checked=300000/3674160 elapsed=5.1s
checked=400000/3674160 elapsed=6.5s
checked=500000/3674160 elapsed=7.6s
checked=600000/3674160 elapsed=8.8s
checked=700000/3674160 elapsed=10.0s
checked=800000/3674160 elapsed=11.2s
checked=900000/3674160 elapsed=12.4s
checked=1000000/3674160 elapsed=13.6s
checked=1100000/3674160 elapsed=14.7s
checked=1200000/3674160 elapsed=15.9s
checked=1300000/3674160 elapsed=17.2s
checked=1400000/3674160 elapsed=18.3s
checked=1500000/3674160 elapsed=19.5s
checked=1600000/3674160 elapsed=20.7s
checked=1700000/3674160 elapsed=21.9s
checked=1800000/3674160 elapsed=23.1s
checked=1900000/3674160 elapsed=24.3s
checked=2000000/3674160 elapsed=25.5s
checked=2100000/3674160 elapsed=26.7s
checked=2200000/3674160 elapsed=27.9s
checked=2300000/3674160 elapsed=29.1s
checked=2400000/3674160 elapsed=30.2s
checked=2500000/3674160 elapsed=31.4s
checked=2600000/3674160 elapsed=32.6s
checked=2700000/3674160 elapsed=33.8s
checked=2800000/3674160 elapsed=35.0s
checked=2900000/3674160 elapsed=36.2s
checked=3000000/3674160 elapsed=37.4s
checked=3100000/3674160 elapsed=38.6s
checked=3200000/3674160 elapsed=39.8s
checked=3300000/3674160 elapsed=40.9s
checked=3400000/3674160 elapsed=42.1s
checked=3500000/3674160 elapsed=43.3s
checked=3600000/3674160 elapsed=44.5s
{
  "mode": "all", "status": "PASS",
  "start_rank": 0, "states_checked": 3674160,
  "optimal_lengths_and_physical_replay": true,
  "total_generated": 4708611241, "max_generated": 109629,
  "max_expanded": 18273, "worst_generated_state": "41532672313211",
  "sample_generated": 35847, "sample_expanded": 5979,
  "oracle_seconds": 0.208999, "search_validation_seconds": 45.419911,
  "Ripes_retired_instructions": null
}
make: Leaving directory '/home/evan/projects/minirubik/optimized_v2'

V2_H3_EXIT_STATUS=0
