make: Entering directory '/home/evan/projects/minirubik/optimized_v2'
mkdir -p build
cc  -O3 -std=c99 -Wall -Wextra -Wpedantic -Wno-unused-function -ffunction-sections -fdata-sections generate_tables.c pattern_build.c ../optimized/v1_tables.c -Wl,--gc-sections -o build/generate-tables
In file included from ../optimized/host_reference.h:7,
                 from pattern_build.c:5:
../optimized/../solver.c: In function ‘unrank_state’:
../optimized/../solver.c:133:36: warning: comparison of integer expressions of different signedness: ‘unsigned int’ and ‘int’ [-Wsign-compare]
  133 |         for (uint8_t j = q; j + 1U < CUBIES - i; ++j)
      |                                    ^
./build/generate-tables $(cat pattern.txt) > v2_tables.c.tmp
pattern=127 states=153090 maximum=9 goal_q=4 packed_bytes=76650
mv v2_tables.c.tmp v2_tables.c
cc  -O3 -std=c99 -Wall -Wextra -Wpedantic -ffunction-sections -fdata-sections v2.c v2_tables.c ../optimized/v1.c ../optimized/v1_tables.c cli.c -Wl,--gc-sections -o build/solver-v2
cc  -O3 -std=c99 -Wall -Wextra -Wpedantic -ffunction-sections -fdata-sections -DV2_STATS v2.c v2_tables.c ../optimized/v1.c ../optimized/v1_tables.c cli.c -Wl,--gc-sections -o build/solver-v2-stats
cc  -O3 -std=c99 -Wall -Wextra -Wpedantic -Wno-unused-function -ffunction-sections -fdata-sections -DV2_STATS v2.c v2_tables.c ../optimized/v1.c ../optimized/v1_tables.c verify.c pattern_build.c -Wl,--gc-sections -o build/verify-v2
In file included from ../optimized/host_reference.h:7,
                 from host_oracle.h:4,
                 from verify.c:1:
../optimized/../solver.c: In function ‘unrank_state’:
../optimized/../solver.c:133:36: warning: comparison of integer expressions of different signedness: ‘unsigned int’ and ‘int’ [-Wsign-compare]
  133 |         for (uint8_t j = q; j + 1U < CUBIES - i; ++j)
      |                                    ^
In file included from ../optimized/host_reference.h:7,
                 from pattern_build.c:5:
../optimized/../solver.c: In function ‘unrank_state’:
../optimized/../solver.c:133:36: warning: comparison of integer expressions of different signedness: ‘unsigned int’ and ‘int’ [-Wsign-compare]
  133 |         for (uint8_t j = q; j + 1U < CUBIES - i; ++j)
      |                                    ^
./build/solver-v2 --self-test
3 cases passed: solved, one-move scramble, distance-11
python3 test_cli.py
PASS: 9 optimal/replayed CLI vectors, 25 rejection cases per build; stats builds agree; closed stdout detected
python3 audit_native.py
{
  "native_static_sections": {
    ".rodata": 122539,
    ".data.rel.ro": 24,
    ".data": 8,
    ".bss": 224
  },
  "native_static_bytes_including_data_rel_ro": 122795,
  "native_text_bytes": 2571,
  "unused_v1_search_orientation_pdb_and_stats_removed": true,
  "host_generators_not_linked": true,
  "target_RV32I_certified": false
}
./build/verify-v2 --check
{
  "mode": "check", "status": "PASS",
  "oracle_states": 3674160, "oracle_diameter": 11,
  "H1_states": 3674160, "parser_states": 3674160,
  "H2": "PASS", "H4": "PASS",
  "permutation_pdb_max": 7, "mixed_pdb_max": 9,
  "abstract_states": 153090, "mixed_pdb_zero_count": 1,
  "H4_odd_entries": 76440, "H4_even_entries": 76650, "padding_rows": 210,
  "heuristic_dominates_v1": true, "strictly_improved_states": 3189950,
  "table_bytes": 122184, "workspace_bytes": 144,
  "oracle_seconds": 0.106982, "check_seconds": 0.224511
}
make: Leaving directory '/home/evan/projects/minirubik/optimized_v2'
